🚨 TEST LOG